
Node.js v25.2.1

